
> print-ready-tool-site@0.3.0 prebuild
> npm run typecheck && npm run lint


> print-ready-tool-site@0.3.0 typecheck
> tsc --noEmit


> print-ready-tool-site@0.3.0 lint
> next lint

✔ No ESLint warnings or errors

> print-ready-tool-site@0.3.0 build
> next build

 ⚠ Disabling outputFileTracing will not be an option in the next major version. Please report any issues you may be experiencing to https://github.com/vercel/next.js/issues
  ▲ Next.js 14.2.35
  - Experiments (use with caution):
    · cpus

   Creating an optimized production build ...
 ✓ Compiled successfully
   Skipping validation of types
   Skipping linting
   Collecting page data ...
   Generating static pages (0/59) ...
   Generating static pages (14/59) 
   Generating static pages (29/59) 
   Generating static pages (44/59) 
 ✓ Generating static pages (59/59)
   Finalizing page optimization ...
   Collecting build traces ...

Route (app)                                   Size     First Load JS
┌ ○ /                                         177 B          96.2 kB
├ ○ /_not-found                               138 B          87.4 kB
├ ● /[...slug]                                19.7 kB         116 kB
├   ├ /guides/8x10-print-size-pixels-300-dpi
├   ├ /guides/a4-size-in-pixels-300-dpi
├   ├ /guides/24x36-poster-size-pixels
├   └ [+50 more paths]
├ ○ /robots.txt                               0 B                0 B
└ ○ /sitemap.xml                              0 B                0 B
+ First Load JS shared by all                 87.3 kB
  ├ chunks/117-032db8346ccf1241.js            31.8 kB
  ├ chunks/fd9d1056-5d0c434f4506d830.js       53.6 kB
  └ other shared chunks (total)               1.89 kB


○  (Static)  prerendered as static content
●  (SSG)     prerendered as static HTML (uses getStaticProps)

